"File: IIC_SLAVE_V100.asm  Assembler  Version 2.98      Page 1


   1  0000              
   2  0000              ;;;;;/********************************************************************************************************//**
   3  0000              ;;;;;* file    IIC_SLAVE_V100.asm
   4  0000              ;;;;;* brief   IIC_SLAVE Code
   5  0000              ;;;;;* version V1.00
   6  0000              ;;;;;* date    07/25/2018
   7  0000              ;;;;;* author  BSI
   8  0000              ;;;;;*************************************************************************************************************
   9  0000              ;;;;;*
  10  0000              ;;;;;* <h2><center>Copyright (C) 2018 Best Solution electronics Inc. All rights reserved</center></h2>
  11  0000              ;;;;;*
  12  0000              ;;;;;************************************************************************************************************/
  13  0000              ;;;;;/* Includes -----------------------------------------------------------------------------------------------*/
  14  0000                           #include "IIC_SLAVE.INC"


















Error(A0024) C:\Users\Huy Le\Documents\VSHOME\SONHA\SH_IHW_1051\BS84B08C_SH1051_remake\IIC_SLAVE\IIC_SLAVE_HXT_CTOUCH_V512.DEF 287 : Syntax error
Error(A0024) C:\Users\Huy Le\Documents\VSHOME\SONHA\SH_IHW_1051\BS84B08C_SH1051_remake\IIC_SLAVE\IIC_SLAVE_HXT_CTOUCH_V512.DEF 290 : Syntax error
Error(A0024) C:\Users\Huy Le\Documents\VSHOME\SONHA\SH_IHW_1051\BS84B08C_SH1051_remake\IIC_SLAVE\IIC_SLAVE_HXT_CTOUCH_V512.DEF 291 : Syntax error
Error(A0024) C:\Users\Huy Le\Documents\VSHOME\SONHA\SH_IHW_1051\BS84B08C_SH1051_remake\IIC_SLAVE\IIC_SLAVE_HXT_CTOUCH_V512.DEF 292 : Syntax error


  15  00CB              ;;;;;/*---------------------------------------------------------------------------------------------------------*/
  16  00CB              ;;;;;/*
  17  00CB              
  18  00CB                      PUBLIC   _IIC_SLAVE_INITIAL
  19  00CB                      PUBLIC   _IIC_SLAVE
  20  00CB                      PUBLIC	 _IIC_SLAVE_HALT_PREPARE
  21  00CB                      PUBLIC   _IIC_SLAVE_HALT_WAKEUP
  22  00CB                      PUBLIC   _IIC_SLAVE_RETURN_MAIN
  23  00CB              
  24  00CB              
  25  00CB              
  26  00CB              #define SlaveMode       HTX
  27  00CB              #define AddrMatch       HAAS
  28  00CB              #define MasterRead  SRW
  29  00CB              #define SlaveRecAck RXAK
  30  00CB              DUMMY_READ  macro
  31  00CB                      MOV A,IIC_DATA      ;DUMMY READ
  32  00CB                      endm
  33  00CB              SLAVE_SEND_ACK  macro           ;enable transmits acknowledge
  34  00CB                      CLR TXAK
  35  00CB                      endm
"File: IIC_SLAVE_V100.asm  Assembler  Version 2.98      Page 2

  36  00CB              Slave_Tx_Mode   macro
  37  00CB                      set SlaveMode           ;HTX
  38  00CB                      endm
  39  00CB              Slave_Rx_Mode   macro           ;receive mode (master write)
  40  00CB                      clr SlaveMode           ;HTX
  41  00CB                      endm
  42  00CB              
  43  00CB              IF_AddrNotMatch_GOTO    macro   addr
  44  00CB                      SNZ AddrMatch       ;0:read/write data 1:address match
  45  00CB                      JMP addr
  46  00CB                      endm
  47  00CB              
  48  00CB              IF_WriteData_GOTO   macro   addr
  49  00CB                      SNZ MasterRead  ;SRW=0:master wants to write data,SRW=1:master wants to read data
  50  00CB                      JMP addr
  51  00CB                      endm
  52  00CB              
  53  00CB              IF_Master_Read_GOTO macro   addr
  54  00CB                      SZ  SlaveMode   ;HTX
  55  00CB                      JMP addr
  56  00CB                      endm
  57  00CB              IF_ACK_GOTO macro   addr
  58  00CB                      SNZ SlaveRecAck ;RXAK
  59  00CB                      JMP addr
  60  00CB                      endm
  61  00CB              ;*********************************************************************
  62  00CB              
  63  00CB              
  64  00CB              
  65  00CB              READ_PROC MACRO RAM,ADDR,IIC_RW_GOTO
  66  00CB                      ifdef   ADDR
  67  00CB                              MOV     A,RAM
  68  00CB                              SUB     A,ADDR
  69  00CB                              SZ      C
  70  00CB                              JMP     IIC_RW_GOTO
  71  00CB                      endif
  72  00CB                      ENDM
  73  00CB              
  74  00CB              WRITE_PROC MACRO RAM,ADDR,IIC_RW_GOTO
  75  00CB                      ifdef   ADDR
  76  00CB                              MOV     A,RAM
  77  00CB                              SUB     A,ADDR
  78  00CB                              SZ      C
  79  00CB                              JMP     IIC_RW_GOTO
  80  00CB                      endif
  81  00CB                      ENDM
  82  00CB              
  83  00CB              
  84  00CB              ;*******************************************************************
  85  00CB              RAMBANK 0 IIC_SLAVE_STANDARD_RW_RAM
  86  0000              IIC_SLAVE_STANDARD_RW_RAM       .SECTION  'DATA'
  87  0000  0002[       IIC_STACK   DB 2 DUP(?)
            00
            ]
  88  0002              ;*******************************************************************
  89  0002              ifdef   PBP
  90  0002              ROMBANK 0 IIC_SLAVE_STANDARD_RW_CODE
  91  0002              endif
  92  0000              IIC_SLAVE_STANDARD_RW_CODE    .SECTION  'CODE'
  93  0000              IIC_WRITE_ENTRY PROC
"File: IIC_SLAVE_V100.asm  Assembler  Version 2.98      Page 3

  94  0000  0703                        MOV     A,MP1
  95  0001  0080     R                  MOV     IIC_STACK[0],A
  96  0002  0704                        MOV     A,BP
  97  0003  0080     R                  MOV     IIC_STACK[1],A
  98  0004  1F00     R                  CLR     IIC_DATA_OUT
  99  0005                              WRITE_PROC IIC_DATA_INDEX,WRITE_ADDR_0FFH,WRITE_ADDR_0FFH_GOTO
 100  0005              		WRITE_PROC IIC_DATA_INDEX,WRITE_ADDR_0FEH,WRITE_ADDR_0FEH_GOTO
 101  0005              		WRITE_PROC IIC_DATA_INDEX,WRITE_ADDR_0FDH,WRITE_ADDR_0FDH_GOTO
 102  0005              		WRITE_PROC IIC_DATA_INDEX,WRITE_ADDR_0FCH,WRITE_ADDR_0FCH_GOTO
 103  0005              		WRITE_PROC IIC_DATA_INDEX,WRITE_ADDR_0FBH,WRITE_ADDR_0FBH_GOTO
 104  0005              		WRITE_PROC IIC_DATA_INDEX,WRITE_ADDR_0FAH,WRITE_ADDR_0FAH_GOTO
 105  0005              		WRITE_PROC IIC_DATA_INDEX,WRITE_ADDR_0F9H,WRITE_ADDR_0F9H_GOTO
 106  0005              		WRITE_PROC IIC_DATA_INDEX,WRITE_ADDR_0F8H,WRITE_ADDR_0F8H_GOTO
 107  0005              		WRITE_PROC IIC_DATA_INDEX,WRITE_ADDR_0F7H,WRITE_ADDR_0F7H_GOTO
 108  0005              		WRITE_PROC IIC_DATA_INDEX,WRITE_ADDR_0F6H,WRITE_ADDR_0F6H_GOTO
 109  0005              		WRITE_PROC IIC_DATA_INDEX,WRITE_ADDR_0F5H,WRITE_ADDR_0F5H_GOTO
 110  0005              		WRITE_PROC IIC_DATA_INDEX,WRITE_ADDR_0F4H,WRITE_ADDR_0F4H_GOTO
 111  0005              		WRITE_PROC IIC_DATA_INDEX,WRITE_ADDR_0F3H,WRITE_ADDR_0F3H_GOTO
 112  0005              		WRITE_PROC IIC_DATA_INDEX,WRITE_ADDR_0F2H,WRITE_ADDR_0F2H_GOTO
 113  0005              		WRITE_PROC IIC_DATA_INDEX,WRITE_ADDR_0F1H,WRITE_ADDR_0F1H_GOTO
 114  0005              		WRITE_PROC IIC_DATA_INDEX,WRITE_ADDR_0F0H,WRITE_ADDR_0F0H_GOTO
 115  0005              		WRITE_PROC IIC_DATA_INDEX,WRITE_ADDR_0EFH,WRITE_ADDR_0EFH_GOTO
 116  0005              		WRITE_PROC IIC_DATA_INDEX,WRITE_ADDR_0EEH,WRITE_ADDR_0EEH_GOTO
 117  0005              		WRITE_PROC IIC_DATA_INDEX,WRITE_ADDR_0EDH,WRITE_ADDR_0EDH_GOTO
 118  0005              		WRITE_PROC IIC_DATA_INDEX,WRITE_ADDR_0ECH,WRITE_ADDR_0ECH_GOTO
 119  0005              		WRITE_PROC IIC_DATA_INDEX,WRITE_ADDR_0EBH,WRITE_ADDR_0EBH_GOTO
 120  0005              		WRITE_PROC IIC_DATA_INDEX,WRITE_ADDR_0EAH,WRITE_ADDR_0EAH_GOTO
 121  0005              		WRITE_PROC IIC_DATA_INDEX,WRITE_ADDR_0E9H,WRITE_ADDR_0E9H_GOTO
 122  0005              		WRITE_PROC IIC_DATA_INDEX,WRITE_ADDR_0E8H,WRITE_ADDR_0E8H_GOTO
 123  0005              		WRITE_PROC IIC_DATA_INDEX,WRITE_ADDR_0E7H,WRITE_ADDR_0E7H_GOTO
 124  0005              		WRITE_PROC IIC_DATA_INDEX,WRITE_ADDR_0E6H,WRITE_ADDR_0E6H_GOTO
 125  0005              		WRITE_PROC IIC_DATA_INDEX,WRITE_ADDR_0E5H,WRITE_ADDR_0E5H_GOTO
 126  0005              		WRITE_PROC IIC_DATA_INDEX,WRITE_ADDR_0E4H,WRITE_ADDR_0E4H_GOTO
 127  0005              		WRITE_PROC IIC_DATA_INDEX,WRITE_ADDR_0E3H,WRITE_ADDR_0E3H_GOTO
 128  0005              		WRITE_PROC IIC_DATA_INDEX,WRITE_ADDR_0E2H,WRITE_ADDR_0E2H_GOTO
 129  0005              		WRITE_PROC IIC_DATA_INDEX,WRITE_ADDR_0E1H,WRITE_ADDR_0E1H_GOTO
 130  0005              		WRITE_PROC IIC_DATA_INDEX,WRITE_ADDR_0E0H,WRITE_ADDR_0E0H_GOTO
 131  0005              		WRITE_PROC IIC_DATA_INDEX,WRITE_ADDR_0DFH,WRITE_ADDR_0DFH_GOTO
 132  0005              		WRITE_PROC IIC_DATA_INDEX,WRITE_ADDR_0DEH,WRITE_ADDR_0DEH_GOTO
 133  0005              		WRITE_PROC IIC_DATA_INDEX,WRITE_ADDR_0DDH,WRITE_ADDR_0DDH_GOTO
 134  0005              		WRITE_PROC IIC_DATA_INDEX,WRITE_ADDR_0DCH,WRITE_ADDR_0DCH_GOTO
 135  0005              		WRITE_PROC IIC_DATA_INDEX,WRITE_ADDR_0DBH,WRITE_ADDR_0DBH_GOTO
 136  0005              		WRITE_PROC IIC_DATA_INDEX,WRITE_ADDR_0DAH,WRITE_ADDR_0DAH_GOTO
 137  0005              		WRITE_PROC IIC_DATA_INDEX,WRITE_ADDR_0D9H,WRITE_ADDR_0D9H_GOTO
 138  0005              		WRITE_PROC IIC_DATA_INDEX,WRITE_ADDR_0D8H,WRITE_ADDR_0D8H_GOTO
 139  0005              		WRITE_PROC IIC_DATA_INDEX,WRITE_ADDR_0D7H,WRITE_ADDR_0D7H_GOTO
 140  0005              		WRITE_PROC IIC_DATA_INDEX,WRITE_ADDR_0D6H,WRITE_ADDR_0D6H_GOTO
 141  0005              		WRITE_PROC IIC_DATA_INDEX,WRITE_ADDR_0D5H,WRITE_ADDR_0D5H_GOTO
 142  0005              		WRITE_PROC IIC_DATA_INDEX,WRITE_ADDR_0D4H,WRITE_ADDR_0D4H_GOTO
 143  0005              		WRITE_PROC IIC_DATA_INDEX,WRITE_ADDR_0D3H,WRITE_ADDR_0D3H_GOTO
 144  0005              		WRITE_PROC IIC_DATA_INDEX,WRITE_ADDR_0D2H,WRITE_ADDR_0D2H_GOTO
 145  0005              		WRITE_PROC IIC_DATA_INDEX,WRITE_ADDR_0D1H,WRITE_ADDR_0D1H_GOTO
 146  0005              		WRITE_PROC IIC_DATA_INDEX,WRITE_ADDR_0D0H,WRITE_ADDR_0D0H_GOTO
 147  0009              		WRITE_PROC IIC_DATA_INDEX,WRITE_ADDR_0CFH,WRITE_ADDR_0CFH_GOTO
 148  0009              		WRITE_PROC IIC_DATA_INDEX,WRITE_ADDR_0CEH,WRITE_ADDR_0CEH_GOTO
 149  0009              		WRITE_PROC IIC_DATA_INDEX,WRITE_ADDR_0CDH,WRITE_ADDR_0CDH_GOTO
 150  0009              		WRITE_PROC IIC_DATA_INDEX,WRITE_ADDR_0CCH,WRITE_ADDR_0CCH_GOTO
 151  0009              		WRITE_PROC IIC_DATA_INDEX,WRITE_ADDR_0CBH,WRITE_ADDR_0CBH_GOTO
 152  0009              		WRITE_PROC IIC_DATA_INDEX,WRITE_ADDR_0CAH,WRITE_ADDR_0CAH_GOTO
 153  0009              		WRITE_PROC IIC_DATA_INDEX,WRITE_ADDR_0C9H,WRITE_ADDR_0C9H_GOTO
"File: IIC_SLAVE_V100.asm  Assembler  Version 2.98      Page 4

 154  0009              		WRITE_PROC IIC_DATA_INDEX,WRITE_ADDR_0C8H,WRITE_ADDR_0C8H_GOTO
 155  0009              		WRITE_PROC IIC_DATA_INDEX,WRITE_ADDR_0C7H,WRITE_ADDR_0C7H_GOTO
 156  0009              		WRITE_PROC IIC_DATA_INDEX,WRITE_ADDR_0C6H,WRITE_ADDR_0C6H_GOTO
 157  0009              		WRITE_PROC IIC_DATA_INDEX,WRITE_ADDR_0C5H,WRITE_ADDR_0C5H_GOTO
 158  0009              		WRITE_PROC IIC_DATA_INDEX,WRITE_ADDR_0C4H,WRITE_ADDR_0C4H_GOTO
 159  0009              		WRITE_PROC IIC_DATA_INDEX,WRITE_ADDR_0C3H,WRITE_ADDR_0C3H_GOTO
 160  0009              		WRITE_PROC IIC_DATA_INDEX,WRITE_ADDR_0C2H,WRITE_ADDR_0C2H_GOTO
 161  0009              		WRITE_PROC IIC_DATA_INDEX,WRITE_ADDR_0C1H,WRITE_ADDR_0C1H_GOTO
 162  0009              		WRITE_PROC IIC_DATA_INDEX,WRITE_ADDR_0C0H,WRITE_ADDR_0C0H_GOTO
 163  0009              		WRITE_PROC IIC_DATA_INDEX,WRITE_ADDR_0BFH,WRITE_ADDR_0BFH_GOTO
 164  0009              		WRITE_PROC IIC_DATA_INDEX,WRITE_ADDR_0BEH,WRITE_ADDR_0BEH_GOTO
 165  0009              		WRITE_PROC IIC_DATA_INDEX,WRITE_ADDR_0BDH,WRITE_ADDR_0BDH_GOTO
 166  0009              		WRITE_PROC IIC_DATA_INDEX,WRITE_ADDR_0BCH,WRITE_ADDR_0BCH_GOTO
 167  0009              		WRITE_PROC IIC_DATA_INDEX,WRITE_ADDR_0BBH,WRITE_ADDR_0BBH_GOTO
 168  0009              		WRITE_PROC IIC_DATA_INDEX,WRITE_ADDR_0BAH,WRITE_ADDR_0BAH_GOTO
 169  0009              		WRITE_PROC IIC_DATA_INDEX,WRITE_ADDR_0B9H,WRITE_ADDR_0B9H_GOTO
 170  0009              		WRITE_PROC IIC_DATA_INDEX,WRITE_ADDR_0B8H,WRITE_ADDR_0B8H_GOTO
 171  0009              		WRITE_PROC IIC_DATA_INDEX,WRITE_ADDR_0B7H,WRITE_ADDR_0B7H_GOTO
 172  0009              		WRITE_PROC IIC_DATA_INDEX,WRITE_ADDR_0B6H,WRITE_ADDR_0B6H_GOTO
 173  0009              		WRITE_PROC IIC_DATA_INDEX,WRITE_ADDR_0B5H,WRITE_ADDR_0B5H_GOTO
 174  0009              		WRITE_PROC IIC_DATA_INDEX,WRITE_ADDR_0B4H,WRITE_ADDR_0B4H_GOTO
 175  0009              		WRITE_PROC IIC_DATA_INDEX,WRITE_ADDR_0B3H,WRITE_ADDR_0B3H_GOTO
 176  0009              		WRITE_PROC IIC_DATA_INDEX,WRITE_ADDR_0B2H,WRITE_ADDR_0B2H_GOTO
 177  0009              		WRITE_PROC IIC_DATA_INDEX,WRITE_ADDR_0B1H,WRITE_ADDR_0B1H_GOTO
 178  0009              		WRITE_PROC IIC_DATA_INDEX,WRITE_ADDR_0B0H,WRITE_ADDR_0B0H_GOTO
 179  0009              		WRITE_PROC IIC_DATA_INDEX,WRITE_ADDR_0AFH,WRITE_ADDR_0AFH_GOTO
 180  0009              		WRITE_PROC IIC_DATA_INDEX,WRITE_ADDR_0AEH,WRITE_ADDR_0AEH_GOTO
 181  0009              		WRITE_PROC IIC_DATA_INDEX,WRITE_ADDR_0ADH,WRITE_ADDR_0ADH_GOTO
 182  0009              		WRITE_PROC IIC_DATA_INDEX,WRITE_ADDR_0ACH,WRITE_ADDR_0ACH_GOTO
 183  0009              		WRITE_PROC IIC_DATA_INDEX,WRITE_ADDR_0ABH,WRITE_ADDR_0ABH_GOTO
 184  0009              		WRITE_PROC IIC_DATA_INDEX,WRITE_ADDR_0AAH,WRITE_ADDR_0AAH_GOTO
 185  0009              		WRITE_PROC IIC_DATA_INDEX,WRITE_ADDR_0A9H,WRITE_ADDR_0A9H_GOTO
 186  0009              		WRITE_PROC IIC_DATA_INDEX,WRITE_ADDR_0A8H,WRITE_ADDR_0A8H_GOTO
 187  0009              		WRITE_PROC IIC_DATA_INDEX,WRITE_ADDR_0A7H,WRITE_ADDR_0A7H_GOTO
 188  0009              		WRITE_PROC IIC_DATA_INDEX,WRITE_ADDR_0A6H,WRITE_ADDR_0A6H_GOTO
 189  0009              		WRITE_PROC IIC_DATA_INDEX,WRITE_ADDR_0A5H,WRITE_ADDR_0A5H_GOTO
 190  0009              		WRITE_PROC IIC_DATA_INDEX,WRITE_ADDR_0A4H,WRITE_ADDR_0A4H_GOTO
 191  0009              		WRITE_PROC IIC_DATA_INDEX,WRITE_ADDR_0A3H,WRITE_ADDR_0A3H_GOTO
 192  0009              		WRITE_PROC IIC_DATA_INDEX,WRITE_ADDR_0A2H,WRITE_ADDR_0A2H_GOTO
 193  0009              		WRITE_PROC IIC_DATA_INDEX,WRITE_ADDR_0A1H,WRITE_ADDR_0A1H_GOTO
 194  0009              		WRITE_PROC IIC_DATA_INDEX,WRITE_ADDR_0A0H,WRITE_ADDR_0A0H_GOTO
 195  0009              		WRITE_PROC IIC_DATA_INDEX,WRITE_ADDR_09FH,WRITE_ADDR_09FH_GOTO
 196  0009              		WRITE_PROC IIC_DATA_INDEX,WRITE_ADDR_09EH,WRITE_ADDR_09EH_GOTO
 197  0009              		WRITE_PROC IIC_DATA_INDEX,WRITE_ADDR_09DH,WRITE_ADDR_09DH_GOTO
 198  0009              		WRITE_PROC IIC_DATA_INDEX,WRITE_ADDR_09CH,WRITE_ADDR_09CH_GOTO
 199  0009              		WRITE_PROC IIC_DATA_INDEX,WRITE_ADDR_09BH,WRITE_ADDR_09BH_GOTO
 200  0009              		WRITE_PROC IIC_DATA_INDEX,WRITE_ADDR_09AH,WRITE_ADDR_09AH_GOTO
 201  0009              		WRITE_PROC IIC_DATA_INDEX,WRITE_ADDR_099H,WRITE_ADDR_099H_GOTO
 202  0009              		WRITE_PROC IIC_DATA_INDEX,WRITE_ADDR_098H,WRITE_ADDR_098H_GOTO
 203  0009              		WRITE_PROC IIC_DATA_INDEX,WRITE_ADDR_097H,WRITE_ADDR_097H_GOTO
 204  0009              		WRITE_PROC IIC_DATA_INDEX,WRITE_ADDR_096H,WRITE_ADDR_096H_GOTO
 205  0009              		WRITE_PROC IIC_DATA_INDEX,WRITE_ADDR_095H,WRITE_ADDR_095H_GOTO
 206  0009              		WRITE_PROC IIC_DATA_INDEX,WRITE_ADDR_094H,WRITE_ADDR_094H_GOTO
 207  0009              		WRITE_PROC IIC_DATA_INDEX,WRITE_ADDR_093H,WRITE_ADDR_093H_GOTO
 208  0009              		WRITE_PROC IIC_DATA_INDEX,WRITE_ADDR_092H,WRITE_ADDR_092H_GOTO
 209  0009              		WRITE_PROC IIC_DATA_INDEX,WRITE_ADDR_091H,WRITE_ADDR_091H_GOTO
 210  0009              		WRITE_PROC IIC_DATA_INDEX,WRITE_ADDR_090H,WRITE_ADDR_090H_GOTO
 211  0009              		WRITE_PROC IIC_DATA_INDEX,WRITE_ADDR_08FH,WRITE_ADDR_08FH_GOTO
 212  0009              		WRITE_PROC IIC_DATA_INDEX,WRITE_ADDR_08EH,WRITE_ADDR_08EH_GOTO
 213  0009              		WRITE_PROC IIC_DATA_INDEX,WRITE_ADDR_08DH,WRITE_ADDR_08DH_GOTO
"File: IIC_SLAVE_V100.asm  Assembler  Version 2.98      Page 5

 214  0009              		WRITE_PROC IIC_DATA_INDEX,WRITE_ADDR_08CH,WRITE_ADDR_08CH_GOTO
 215  0009              		WRITE_PROC IIC_DATA_INDEX,WRITE_ADDR_08BH,WRITE_ADDR_08BH_GOTO
 216  0009              		WRITE_PROC IIC_DATA_INDEX,WRITE_ADDR_08AH,WRITE_ADDR_08AH_GOTO
 217  0009              		WRITE_PROC IIC_DATA_INDEX,WRITE_ADDR_089H,WRITE_ADDR_089H_GOTO
 218  0009              		WRITE_PROC IIC_DATA_INDEX,WRITE_ADDR_088H,WRITE_ADDR_088H_GOTO
 219  0009              		WRITE_PROC IIC_DATA_INDEX,WRITE_ADDR_087H,WRITE_ADDR_087H_GOTO
 220  0009              		WRITE_PROC IIC_DATA_INDEX,WRITE_ADDR_086H,WRITE_ADDR_086H_GOTO
 221  0009              		WRITE_PROC IIC_DATA_INDEX,WRITE_ADDR_085H,WRITE_ADDR_085H_GOTO
 222  0009              		WRITE_PROC IIC_DATA_INDEX,WRITE_ADDR_084H,WRITE_ADDR_084H_GOTO
 223  0009              		WRITE_PROC IIC_DATA_INDEX,WRITE_ADDR_083H,WRITE_ADDR_083H_GOTO
 224  0009              		WRITE_PROC IIC_DATA_INDEX,WRITE_ADDR_082H,WRITE_ADDR_082H_GOTO
 225  0009              		WRITE_PROC IIC_DATA_INDEX,WRITE_ADDR_081H,WRITE_ADDR_081H_GOTO
 226  0009              		WRITE_PROC IIC_DATA_INDEX,WRITE_ADDR_080H,WRITE_ADDR_080H_GOTO
 227  0009              		WRITE_PROC IIC_DATA_INDEX,WRITE_ADDR_07FH,WRITE_ADDR_07FH_GOTO
 228  0009              		WRITE_PROC IIC_DATA_INDEX,WRITE_ADDR_07EH,WRITE_ADDR_07EH_GOTO
 229  0009              		WRITE_PROC IIC_DATA_INDEX,WRITE_ADDR_07DH,WRITE_ADDR_07DH_GOTO
 230  0009              		WRITE_PROC IIC_DATA_INDEX,WRITE_ADDR_07CH,WRITE_ADDR_07CH_GOTO
 231  0009              		WRITE_PROC IIC_DATA_INDEX,WRITE_ADDR_07BH,WRITE_ADDR_07BH_GOTO
 232  0009              		WRITE_PROC IIC_DATA_INDEX,WRITE_ADDR_07AH,WRITE_ADDR_07AH_GOTO
 233  0009              		WRITE_PROC IIC_DATA_INDEX,WRITE_ADDR_079H,WRITE_ADDR_079H_GOTO
 234  0009              		WRITE_PROC IIC_DATA_INDEX,WRITE_ADDR_078H,WRITE_ADDR_078H_GOTO
 235  0009              		WRITE_PROC IIC_DATA_INDEX,WRITE_ADDR_077H,WRITE_ADDR_077H_GOTO
 236  0009              		WRITE_PROC IIC_DATA_INDEX,WRITE_ADDR_076H,WRITE_ADDR_076H_GOTO
 237  0009              		WRITE_PROC IIC_DATA_INDEX,WRITE_ADDR_075H,WRITE_ADDR_075H_GOTO
 238  0009              		WRITE_PROC IIC_DATA_INDEX,WRITE_ADDR_074H,WRITE_ADDR_074H_GOTO
 239  0009              		WRITE_PROC IIC_DATA_INDEX,WRITE_ADDR_073H,WRITE_ADDR_073H_GOTO
 240  0009              		WRITE_PROC IIC_DATA_INDEX,WRITE_ADDR_072H,WRITE_ADDR_072H_GOTO
 241  0009              		WRITE_PROC IIC_DATA_INDEX,WRITE_ADDR_071H,WRITE_ADDR_071H_GOTO
 242  0009              		WRITE_PROC IIC_DATA_INDEX,WRITE_ADDR_070H,WRITE_ADDR_070H_GOTO
 243  0009              		WRITE_PROC IIC_DATA_INDEX,WRITE_ADDR_06FH,WRITE_ADDR_06FH_GOTO
 244  0009              		WRITE_PROC IIC_DATA_INDEX,WRITE_ADDR_06EH,WRITE_ADDR_06EH_GOTO
 245  0009              		WRITE_PROC IIC_DATA_INDEX,WRITE_ADDR_06DH,WRITE_ADDR_06DH_GOTO
 246  0009              		WRITE_PROC IIC_DATA_INDEX,WRITE_ADDR_06CH,WRITE_ADDR_06CH_GOTO
 247  0009              		WRITE_PROC IIC_DATA_INDEX,WRITE_ADDR_06BH,WRITE_ADDR_06BH_GOTO
 248  0009              		WRITE_PROC IIC_DATA_INDEX,WRITE_ADDR_06AH,WRITE_ADDR_06AH_GOTO
 249  0009              		WRITE_PROC IIC_DATA_INDEX,WRITE_ADDR_069H,WRITE_ADDR_069H_GOTO
 250  0009              		WRITE_PROC IIC_DATA_INDEX,WRITE_ADDR_068H,WRITE_ADDR_068H_GOTO
 251  0009              		WRITE_PROC IIC_DATA_INDEX,WRITE_ADDR_067H,WRITE_ADDR_067H_GOTO
 252  0009              		WRITE_PROC IIC_DATA_INDEX,WRITE_ADDR_066H,WRITE_ADDR_066H_GOTO
 253  0009              		WRITE_PROC IIC_DATA_INDEX,WRITE_ADDR_065H,WRITE_ADDR_065H_GOTO
 254  0009              		WRITE_PROC IIC_DATA_INDEX,WRITE_ADDR_064H,WRITE_ADDR_064H_GOTO
 255  0009              		WRITE_PROC IIC_DATA_INDEX,WRITE_ADDR_063H,WRITE_ADDR_063H_GOTO
 256  0009              		WRITE_PROC IIC_DATA_INDEX,WRITE_ADDR_062H,WRITE_ADDR_062H_GOTO
 257  0009              		WRITE_PROC IIC_DATA_INDEX,WRITE_ADDR_061H,WRITE_ADDR_061H_GOTO
 258  0009              		WRITE_PROC IIC_DATA_INDEX,WRITE_ADDR_060H,WRITE_ADDR_060H_GOTO
 259  0009              		WRITE_PROC IIC_DATA_INDEX,WRITE_ADDR_05FH,WRITE_ADDR_05FH_GOTO
 260  0009              		WRITE_PROC IIC_DATA_INDEX,WRITE_ADDR_05EH,WRITE_ADDR_05EH_GOTO
 261  0009              		WRITE_PROC IIC_DATA_INDEX,WRITE_ADDR_05DH,WRITE_ADDR_05DH_GOTO
 262  0009              		WRITE_PROC IIC_DATA_INDEX,WRITE_ADDR_05CH,WRITE_ADDR_05CH_GOTO
 263  0009              		WRITE_PROC IIC_DATA_INDEX,WRITE_ADDR_05BH,WRITE_ADDR_05BH_GOTO
 264  0009              		WRITE_PROC IIC_DATA_INDEX,WRITE_ADDR_05AH,WRITE_ADDR_05AH_GOTO
 265  0009              		WRITE_PROC IIC_DATA_INDEX,WRITE_ADDR_059H,WRITE_ADDR_059H_GOTO
 266  0009              		WRITE_PROC IIC_DATA_INDEX,WRITE_ADDR_058H,WRITE_ADDR_058H_GOTO
 267  0009              		WRITE_PROC IIC_DATA_INDEX,WRITE_ADDR_057H,WRITE_ADDR_057H_GOTO
 268  0009              		WRITE_PROC IIC_DATA_INDEX,WRITE_ADDR_056H,WRITE_ADDR_056H_GOTO
 269  0009              		WRITE_PROC IIC_DATA_INDEX,WRITE_ADDR_055H,WRITE_ADDR_055H_GOTO
 270  0009              		WRITE_PROC IIC_DATA_INDEX,WRITE_ADDR_054H,WRITE_ADDR_054H_GOTO
 271  0009              		WRITE_PROC IIC_DATA_INDEX,WRITE_ADDR_053H,WRITE_ADDR_053H_GOTO
 272  0009              		WRITE_PROC IIC_DATA_INDEX,WRITE_ADDR_052H,WRITE_ADDR_052H_GOTO
 273  0009              		WRITE_PROC IIC_DATA_INDEX,WRITE_ADDR_051H,WRITE_ADDR_051H_GOTO
"File: IIC_SLAVE_V100.asm  Assembler  Version 2.98      Page 6

 274  0009              		WRITE_PROC IIC_DATA_INDEX,WRITE_ADDR_050H,WRITE_ADDR_050H_GOTO
 275  0009              		WRITE_PROC IIC_DATA_INDEX,WRITE_ADDR_04FH,WRITE_ADDR_04FH_GOTO
 276  0009              		WRITE_PROC IIC_DATA_INDEX,WRITE_ADDR_04EH,WRITE_ADDR_04EH_GOTO
 277  0009              		WRITE_PROC IIC_DATA_INDEX,WRITE_ADDR_04DH,WRITE_ADDR_04DH_GOTO
 278  0009              		WRITE_PROC IIC_DATA_INDEX,WRITE_ADDR_04CH,WRITE_ADDR_04CH_GOTO
 279  0009              		WRITE_PROC IIC_DATA_INDEX,WRITE_ADDR_04BH,WRITE_ADDR_04BH_GOTO
 280  0009              		WRITE_PROC IIC_DATA_INDEX,WRITE_ADDR_04AH,WRITE_ADDR_04AH_GOTO
 281  0009              		WRITE_PROC IIC_DATA_INDEX,WRITE_ADDR_049H,WRITE_ADDR_049H_GOTO
 282  0009              		WRITE_PROC IIC_DATA_INDEX,WRITE_ADDR_048H,WRITE_ADDR_048H_GOTO
 283  0009              		WRITE_PROC IIC_DATA_INDEX,WRITE_ADDR_047H,WRITE_ADDR_047H_GOTO
 284  0009              		WRITE_PROC IIC_DATA_INDEX,WRITE_ADDR_046H,WRITE_ADDR_046H_GOTO
 285  0009              		WRITE_PROC IIC_DATA_INDEX,WRITE_ADDR_045H,WRITE_ADDR_045H_GOTO
 286  0009              		WRITE_PROC IIC_DATA_INDEX,WRITE_ADDR_044H,WRITE_ADDR_044H_GOTO
 287  0009              		WRITE_PROC IIC_DATA_INDEX,WRITE_ADDR_043H,WRITE_ADDR_043H_GOTO
 288  0009              		WRITE_PROC IIC_DATA_INDEX,WRITE_ADDR_042H,WRITE_ADDR_042H_GOTO
 289  0009              		WRITE_PROC IIC_DATA_INDEX,WRITE_ADDR_041H,WRITE_ADDR_041H_GOTO
 290  0009              		WRITE_PROC IIC_DATA_INDEX,WRITE_ADDR_040H,WRITE_ADDR_040H_GOTO
 291  0009              		WRITE_PROC IIC_DATA_INDEX,WRITE_ADDR_03FH,WRITE_ADDR_03FH_GOTO
 292  0009              		WRITE_PROC IIC_DATA_INDEX,WRITE_ADDR_03EH,WRITE_ADDR_03EH_GOTO
 293  0009              		WRITE_PROC IIC_DATA_INDEX,WRITE_ADDR_03DH,WRITE_ADDR_03DH_GOTO
 294  0009              		WRITE_PROC IIC_DATA_INDEX,WRITE_ADDR_03CH,WRITE_ADDR_03CH_GOTO
 295  0009              		WRITE_PROC IIC_DATA_INDEX,WRITE_ADDR_03BH,WRITE_ADDR_03BH_GOTO
 296  0009              		WRITE_PROC IIC_DATA_INDEX,WRITE_ADDR_03AH,WRITE_ADDR_03AH_GOTO
 297  0009              		WRITE_PROC IIC_DATA_INDEX,WRITE_ADDR_039H,WRITE_ADDR_039H_GOTO
 298  0009              		WRITE_PROC IIC_DATA_INDEX,WRITE_ADDR_038H,WRITE_ADDR_038H_GOTO
 299  0009              		WRITE_PROC IIC_DATA_INDEX,WRITE_ADDR_037H,WRITE_ADDR_037H_GOTO
 300  0009              		WRITE_PROC IIC_DATA_INDEX,WRITE_ADDR_036H,WRITE_ADDR_036H_GOTO
 301  0009              		WRITE_PROC IIC_DATA_INDEX,WRITE_ADDR_035H,WRITE_ADDR_035H_GOTO
 302  0009              		WRITE_PROC IIC_DATA_INDEX,WRITE_ADDR_034H,WRITE_ADDR_034H_GOTO
 303  0009              		WRITE_PROC IIC_DATA_INDEX,WRITE_ADDR_033H,WRITE_ADDR_033H_GOTO
 304  0009              		WRITE_PROC IIC_DATA_INDEX,WRITE_ADDR_032H,WRITE_ADDR_032H_GOTO
 305  0009              		WRITE_PROC IIC_DATA_INDEX,WRITE_ADDR_031H,WRITE_ADDR_031H_GOTO
 306  0009              		WRITE_PROC IIC_DATA_INDEX,WRITE_ADDR_030H,WRITE_ADDR_030H_GOTO
 307  0009              		WRITE_PROC IIC_DATA_INDEX,WRITE_ADDR_02FH,WRITE_ADDR_02FH_GOTO
 308  0009              		WRITE_PROC IIC_DATA_INDEX,WRITE_ADDR_02EH,WRITE_ADDR_02EH_GOTO
 309  0009              		WRITE_PROC IIC_DATA_INDEX,WRITE_ADDR_02DH,WRITE_ADDR_02DH_GOTO
 310  0009              		WRITE_PROC IIC_DATA_INDEX,WRITE_ADDR_02CH,WRITE_ADDR_02CH_GOTO
 311  0009              		WRITE_PROC IIC_DATA_INDEX,WRITE_ADDR_02BH,WRITE_ADDR_02BH_GOTO
 312  0009              		WRITE_PROC IIC_DATA_INDEX,WRITE_ADDR_02AH,WRITE_ADDR_02AH_GOTO
 313  0009              		WRITE_PROC IIC_DATA_INDEX,WRITE_ADDR_029H,WRITE_ADDR_029H_GOTO
 314  0009              		WRITE_PROC IIC_DATA_INDEX,WRITE_ADDR_028H,WRITE_ADDR_028H_GOTO
 315  0009              		WRITE_PROC IIC_DATA_INDEX,WRITE_ADDR_027H,WRITE_ADDR_027H_GOTO
 316  0009              		WRITE_PROC IIC_DATA_INDEX,WRITE_ADDR_026H,WRITE_ADDR_026H_GOTO
 317  0009              		WRITE_PROC IIC_DATA_INDEX,WRITE_ADDR_025H,WRITE_ADDR_025H_GOTO
 318  0009              		WRITE_PROC IIC_DATA_INDEX,WRITE_ADDR_024H,WRITE_ADDR_024H_GOTO
 319  0009              		WRITE_PROC IIC_DATA_INDEX,WRITE_ADDR_023H,WRITE_ADDR_023H_GOTO
 320  0009              		WRITE_PROC IIC_DATA_INDEX,WRITE_ADDR_022H,WRITE_ADDR_022H_GOTO
 321  0009              		WRITE_PROC IIC_DATA_INDEX,WRITE_ADDR_021H,WRITE_ADDR_021H_GOTO
 322  0009              		WRITE_PROC IIC_DATA_INDEX,WRITE_ADDR_020H,WRITE_ADDR_020H_GOTO
 323  0009              		WRITE_PROC IIC_DATA_INDEX,WRITE_ADDR_01FH,WRITE_ADDR_01FH_GOTO
 324  0009              		WRITE_PROC IIC_DATA_INDEX,WRITE_ADDR_01EH,WRITE_ADDR_01EH_GOTO
 325  0009              		WRITE_PROC IIC_DATA_INDEX,WRITE_ADDR_01DH,WRITE_ADDR_01DH_GOTO
 326  0009              		WRITE_PROC IIC_DATA_INDEX,WRITE_ADDR_01CH,WRITE_ADDR_01CH_GOTO
 327  0009              		WRITE_PROC IIC_DATA_INDEX,WRITE_ADDR_01BH,WRITE_ADDR_01BH_GOTO
 328  0009              		WRITE_PROC IIC_DATA_INDEX,WRITE_ADDR_01AH,WRITE_ADDR_01AH_GOTO
 329  0009              		WRITE_PROC IIC_DATA_INDEX,WRITE_ADDR_019H,WRITE_ADDR_019H_GOTO
 330  0009              		WRITE_PROC IIC_DATA_INDEX,WRITE_ADDR_018H,WRITE_ADDR_018H_GOTO
 331  0009              		WRITE_PROC IIC_DATA_INDEX,WRITE_ADDR_017H,WRITE_ADDR_017H_GOTO
 332  0009              		WRITE_PROC IIC_DATA_INDEX,WRITE_ADDR_016H,WRITE_ADDR_016H_GOTO
 333  0009              		WRITE_PROC IIC_DATA_INDEX,WRITE_ADDR_015H,WRITE_ADDR_015H_GOTO
"File: IIC_SLAVE_V100.asm  Assembler  Version 2.98      Page 7

 334  0009              		WRITE_PROC IIC_DATA_INDEX,WRITE_ADDR_014H,WRITE_ADDR_014H_GOTO
 335  0009              		WRITE_PROC IIC_DATA_INDEX,WRITE_ADDR_013H,WRITE_ADDR_013H_GOTO
 336  0009              		WRITE_PROC IIC_DATA_INDEX,WRITE_ADDR_012H,WRITE_ADDR_012H_GOTO
 337  0009              		WRITE_PROC IIC_DATA_INDEX,WRITE_ADDR_011H,WRITE_ADDR_011H_GOTO
 338  0009              		WRITE_PROC IIC_DATA_INDEX,WRITE_ADDR_010H,WRITE_ADDR_010H_GOTO
 339  0009              		WRITE_PROC IIC_DATA_INDEX,WRITE_ADDR_00FH,WRITE_ADDR_00FH_GOTO
 340  0009              		WRITE_PROC IIC_DATA_INDEX,WRITE_ADDR_00EH,WRITE_ADDR_00EH_GOTO
 341  0009              		WRITE_PROC IIC_DATA_INDEX,WRITE_ADDR_00DH,WRITE_ADDR_00DH_GOTO
 342  0009              		WRITE_PROC IIC_DATA_INDEX,WRITE_ADDR_00CH,WRITE_ADDR_00CH_GOTO
 343  0009              		WRITE_PROC IIC_DATA_INDEX,WRITE_ADDR_00BH,WRITE_ADDR_00BH_GOTO
 344  0009              		WRITE_PROC IIC_DATA_INDEX,WRITE_ADDR_00AH,WRITE_ADDR_00AH_GOTO
 345  0009              		WRITE_PROC IIC_DATA_INDEX,WRITE_ADDR_009H,WRITE_ADDR_009H_GOTO
 346  0009              		WRITE_PROC IIC_DATA_INDEX,WRITE_ADDR_008H,WRITE_ADDR_008H_GOTO
 347  0009              		WRITE_PROC IIC_DATA_INDEX,WRITE_ADDR_007H,WRITE_ADDR_007H_GOTO
 348  0009              		WRITE_PROC IIC_DATA_INDEX,WRITE_ADDR_006H,WRITE_ADDR_006H_GOTO
 349  0009              		WRITE_PROC IIC_DATA_INDEX,WRITE_ADDR_005H,WRITE_ADDR_005H_GOTO
 350  0009              		WRITE_PROC IIC_DATA_INDEX,WRITE_ADDR_004H,WRITE_ADDR_004H_GOTO
 351  0009              		WRITE_PROC IIC_DATA_INDEX,WRITE_ADDR_003H,WRITE_ADDR_003H_GOTO
 352  0009              		WRITE_PROC IIC_DATA_INDEX,WRITE_ADDR_002H,WRITE_ADDR_002H_GOTO
 353  0009              		WRITE_PROC IIC_DATA_INDEX,WRITE_ADDR_001H,WRITE_ADDR_001H_GOTO
 354  0009              		WRITE_PROC IIC_DATA_INDEX,WRITE_ADDR_000H,WRITE_ADDR_000H_GOTO
 355  0009                      RX_NEXT_DATA:
 356  0009  1480     R                  INC     IIC_DATA_INDEX
 357  000A  2800     R                  JMP     END_IIC_RW
 358  000B              IIC_WRITE_ENTRY ENDP
 359  000B              ;*******************************************************************
 360  000B              
 361  000B              
 362  000B              
 363  000B              
 364  000B              ;*******************************************************************
 365  000B              IIC_PRE_READ PROC
 366  000B  0703                        MOV     A,MP1
 367  000C  0080     R                  MOV     IIC_STACK[0],A
 368  000D  0704                        MOV     A,BP
 369  000E  0080     R                  MOV     IIC_STACK[1],A
 370  000F  1F00     R                  CLR     IIC_DATA_OUT
 371  0010              ;================================================================
 372  0010                      ;--------------------------------------------------
 373  0010                              READ_PROC IIC_DATA_INDEX,READ_ADDR_0FFH,READ_ADDR_0FFH_GOTO
 374  0010                              READ_PROC IIC_DATA_INDEX,READ_ADDR_0FEH,READ_ADDR_0FEH_GOTO
 375  0010                              READ_PROC IIC_DATA_INDEX,READ_ADDR_0FDH,READ_ADDR_0FDH_GOTO
 376  0010                              READ_PROC IIC_DATA_INDEX,READ_ADDR_0FCH,READ_ADDR_0FCH_GOTO
 377  0010                              READ_PROC IIC_DATA_INDEX,READ_ADDR_0FBH,READ_ADDR_0FBH_GOTO
 378  0010                              READ_PROC IIC_DATA_INDEX,READ_ADDR_0FAH,READ_ADDR_0FAH_GOTO
 379  0010                              READ_PROC IIC_DATA_INDEX,READ_ADDR_0F9H,READ_ADDR_0F9H_GOTO
 380  0010                              READ_PROC IIC_DATA_INDEX,READ_ADDR_0F8H,READ_ADDR_0F8H_GOTO
 381  0010                              READ_PROC IIC_DATA_INDEX,READ_ADDR_0F7H,READ_ADDR_0F7H_GOTO
 382  0010                              READ_PROC IIC_DATA_INDEX,READ_ADDR_0F6H,READ_ADDR_0F6H_GOTO
 383  0010                              READ_PROC IIC_DATA_INDEX,READ_ADDR_0F5H,READ_ADDR_0F5H_GOTO
 384  0010                              READ_PROC IIC_DATA_INDEX,READ_ADDR_0F4H,READ_ADDR_0F4H_GOTO
 385  0010                              READ_PROC IIC_DATA_INDEX,READ_ADDR_0F3H,READ_ADDR_0F3H_GOTO
 386  0010                              READ_PROC IIC_DATA_INDEX,READ_ADDR_0F2H,READ_ADDR_0F2H_GOTO
 387  0010                              READ_PROC IIC_DATA_INDEX,READ_ADDR_0F1H,READ_ADDR_0F1H_GOTO
 388  0010                              READ_PROC IIC_DATA_INDEX,READ_ADDR_0F0H,READ_ADDR_0F0H_GOTO
 389  0010                              READ_PROC IIC_DATA_INDEX,READ_ADDR_0EFH,READ_ADDR_0EFH_GOTO
 390  0010                              READ_PROC IIC_DATA_INDEX,READ_ADDR_0EEH,READ_ADDR_0EEH_GOTO
 391  0010                              READ_PROC IIC_DATA_INDEX,READ_ADDR_0EDH,READ_ADDR_0EDH_GOTO
 392  0010                              READ_PROC IIC_DATA_INDEX,READ_ADDR_0ECH,READ_ADDR_0ECH_GOTO
 393  0010                              READ_PROC IIC_DATA_INDEX,READ_ADDR_0EBH,READ_ADDR_0EBH_GOTO
"File: IIC_SLAVE_V100.asm  Assembler  Version 2.98      Page 8

 394  0010                              READ_PROC IIC_DATA_INDEX,READ_ADDR_0EAH,READ_ADDR_0EAH_GOTO
 395  0010                              READ_PROC IIC_DATA_INDEX,READ_ADDR_0E9H,READ_ADDR_0E9H_GOTO
 396  0010                              READ_PROC IIC_DATA_INDEX,READ_ADDR_0E8H,READ_ADDR_0E8H_GOTO
 397  0010                              READ_PROC IIC_DATA_INDEX,READ_ADDR_0E7H,READ_ADDR_0E7H_GOTO
 398  0010                              READ_PROC IIC_DATA_INDEX,READ_ADDR_0E6H,READ_ADDR_0E6H_GOTO
 399  0010                              READ_PROC IIC_DATA_INDEX,READ_ADDR_0E5H,READ_ADDR_0E5H_GOTO
 400  0010                              READ_PROC IIC_DATA_INDEX,READ_ADDR_0E4H,READ_ADDR_0E4H_GOTO
 401  0010                              READ_PROC IIC_DATA_INDEX,READ_ADDR_0E3H,READ_ADDR_0E3H_GOTO
 402  0010                              READ_PROC IIC_DATA_INDEX,READ_ADDR_0E2H,READ_ADDR_0E2H_GOTO
 403  0010                              READ_PROC IIC_DATA_INDEX,READ_ADDR_0E1H,READ_ADDR_0E1H_GOTO
 404  0010                              READ_PROC IIC_DATA_INDEX,READ_ADDR_0E0H,READ_ADDR_0E0H_GOTO
 405  0010                              READ_PROC IIC_DATA_INDEX,READ_ADDR_0DFH,READ_ADDR_0DFH_GOTO
 406  0010                              READ_PROC IIC_DATA_INDEX,READ_ADDR_0DEH,READ_ADDR_0DEH_GOTO
 407  0010                              READ_PROC IIC_DATA_INDEX,READ_ADDR_0DDH,READ_ADDR_0DDH_GOTO
 408  0010                              READ_PROC IIC_DATA_INDEX,READ_ADDR_0DCH,READ_ADDR_0DCH_GOTO
 409  0010                              READ_PROC IIC_DATA_INDEX,READ_ADDR_0DBH,READ_ADDR_0DBH_GOTO
 410  0010                              READ_PROC IIC_DATA_INDEX,READ_ADDR_0DAH,READ_ADDR_0DAH_GOTO
 411  0010                              READ_PROC IIC_DATA_INDEX,READ_ADDR_0D9H,READ_ADDR_0D9H_GOTO
 412  0010                              READ_PROC IIC_DATA_INDEX,READ_ADDR_0D8H,READ_ADDR_0D8H_GOTO
 413  0014                              READ_PROC IIC_DATA_INDEX,READ_ADDR_0D7H,READ_ADDR_0D7H_GOTO
 414  0014                              READ_PROC IIC_DATA_INDEX,READ_ADDR_0D6H,READ_ADDR_0D6H_GOTO
 415  0018                              READ_PROC IIC_DATA_INDEX,READ_ADDR_0D5H,READ_ADDR_0D5H_GOTO
 416  0018                              READ_PROC IIC_DATA_INDEX,READ_ADDR_0D4H,READ_ADDR_0D4H_GOTO
 417  0018                              READ_PROC IIC_DATA_INDEX,READ_ADDR_0D3H,READ_ADDR_0D3H_GOTO
 418  001C                              READ_PROC IIC_DATA_INDEX,READ_ADDR_0D2H,READ_ADDR_0D2H_GOTO
 419  001C                              READ_PROC IIC_DATA_INDEX,READ_ADDR_0D1H,READ_ADDR_0D1H_GOTO
 420  001C                              READ_PROC IIC_DATA_INDEX,READ_ADDR_0D0H,READ_ADDR_0D0H_GOTO
 421  0020                              READ_PROC IIC_DATA_INDEX,READ_ADDR_0CFH,READ_ADDR_0CFH_GOTO
 422  0020                              READ_PROC IIC_DATA_INDEX,READ_ADDR_0CEH,READ_ADDR_0CEH_GOTO
 423  0020                              READ_PROC IIC_DATA_INDEX,READ_ADDR_0CDH,READ_ADDR_0CDH_GOTO
 424  0020                              READ_PROC IIC_DATA_INDEX,READ_ADDR_0CCH,READ_ADDR_0CCH_GOTO
 425  0020                              READ_PROC IIC_DATA_INDEX,READ_ADDR_0CBH,READ_ADDR_0CBH_GOTO
 426  0020                              READ_PROC IIC_DATA_INDEX,READ_ADDR_0CAH,READ_ADDR_0CAH_GOTO
 427  0020                              READ_PROC IIC_DATA_INDEX,READ_ADDR_0C9H,READ_ADDR_0C9H_GOTO
 428  0020                              READ_PROC IIC_DATA_INDEX,READ_ADDR_0C8H,READ_ADDR_0C8H_GOTO
 429  0020                              READ_PROC IIC_DATA_INDEX,READ_ADDR_0C7H,READ_ADDR_0C7H_GOTO
 430  0020                              READ_PROC IIC_DATA_INDEX,READ_ADDR_0C6H,READ_ADDR_0C6H_GOTO
 431  0020                              READ_PROC IIC_DATA_INDEX,READ_ADDR_0C5H,READ_ADDR_0C5H_GOTO
 432  0020                              READ_PROC IIC_DATA_INDEX,READ_ADDR_0C4H,READ_ADDR_0C4H_GOTO
 433  0020                              READ_PROC IIC_DATA_INDEX,READ_ADDR_0C3H,READ_ADDR_0C3H_GOTO
 434  0020                              READ_PROC IIC_DATA_INDEX,READ_ADDR_0C2H,READ_ADDR_0C2H_GOTO
 435  0020                              READ_PROC IIC_DATA_INDEX,READ_ADDR_0C1H,READ_ADDR_0C1H_GOTO
 436  0020                              READ_PROC IIC_DATA_INDEX,READ_ADDR_0C0H,READ_ADDR_0C0H_GOTO
 437  0020                              READ_PROC IIC_DATA_INDEX,READ_ADDR_0BFH,READ_ADDR_0BFH_GOTO
 438  0020                              READ_PROC IIC_DATA_INDEX,READ_ADDR_0BEH,READ_ADDR_0BEH_GOTO
 439  0020                              READ_PROC IIC_DATA_INDEX,READ_ADDR_0BDH,READ_ADDR_0BDH_GOTO
 440  0020                              READ_PROC IIC_DATA_INDEX,READ_ADDR_0BCH,READ_ADDR_0BCH_GOTO
 441  0020                              READ_PROC IIC_DATA_INDEX,READ_ADDR_0BBH,READ_ADDR_0BBH_GOTO
 442  0020                              READ_PROC IIC_DATA_INDEX,READ_ADDR_0BAH,READ_ADDR_0BAH_GOTO
 443  0020                              READ_PROC IIC_DATA_INDEX,READ_ADDR_0B9H,READ_ADDR_0B9H_GOTO
 444  0020                              READ_PROC IIC_DATA_INDEX,READ_ADDR_0B8H,READ_ADDR_0B8H_GOTO
 445  0020                              READ_PROC IIC_DATA_INDEX,READ_ADDR_0B7H,READ_ADDR_0B7H_GOTO
 446  0020                              READ_PROC IIC_DATA_INDEX,READ_ADDR_0B6H,READ_ADDR_0B6H_GOTO
 447  0020                              READ_PROC IIC_DATA_INDEX,READ_ADDR_0B5H,READ_ADDR_0B5H_GOTO
 448  0020                              READ_PROC IIC_DATA_INDEX,READ_ADDR_0B4H,READ_ADDR_0B4H_GOTO
 449  0020                              READ_PROC IIC_DATA_INDEX,READ_ADDR_0B3H,READ_ADDR_0B3H_GOTO
 450  0020                              READ_PROC IIC_DATA_INDEX,READ_ADDR_0B2H,READ_ADDR_0B2H_GOTO
 451  0020                              READ_PROC IIC_DATA_INDEX,READ_ADDR_0B1H,READ_ADDR_0B1H_GOTO
 452  0020                              READ_PROC IIC_DATA_INDEX,READ_ADDR_0B0H,READ_ADDR_0B0H_GOTO
 453  0024                              READ_PROC IIC_DATA_INDEX,READ_ADDR_0AFH,READ_ADDR_0AFH_GOTO
"File: IIC_SLAVE_V100.asm  Assembler  Version 2.98      Page 9

 454  0024                              READ_PROC IIC_DATA_INDEX,READ_ADDR_0AEH,READ_ADDR_0AEH_GOTO
 455  0024                              READ_PROC IIC_DATA_INDEX,READ_ADDR_0ADH,READ_ADDR_0ADH_GOTO
 456  0024                              READ_PROC IIC_DATA_INDEX,READ_ADDR_0ACH,READ_ADDR_0ACH_GOTO
 457  0024                              READ_PROC IIC_DATA_INDEX,READ_ADDR_0ABH,READ_ADDR_0ABH_GOTO
 458  0024                              READ_PROC IIC_DATA_INDEX,READ_ADDR_0AAH,READ_ADDR_0AAH_GOTO
 459  0024                              READ_PROC IIC_DATA_INDEX,READ_ADDR_0A9H,READ_ADDR_0A9H_GOTO
 460  0024                              READ_PROC IIC_DATA_INDEX,READ_ADDR_0A8H,READ_ADDR_0A8H_GOTO
 461  0024                              READ_PROC IIC_DATA_INDEX,READ_ADDR_0A7H,READ_ADDR_0A7H_GOTO
 462  0024                              READ_PROC IIC_DATA_INDEX,READ_ADDR_0A6H,READ_ADDR_0A6H_GOTO
 463  0024                              READ_PROC IIC_DATA_INDEX,READ_ADDR_0A5H,READ_ADDR_0A5H_GOTO
 464  0024                              READ_PROC IIC_DATA_INDEX,READ_ADDR_0A4H,READ_ADDR_0A4H_GOTO
 465  0024                              READ_PROC IIC_DATA_INDEX,READ_ADDR_0A3H,READ_ADDR_0A3H_GOTO
 466  0024                              READ_PROC IIC_DATA_INDEX,READ_ADDR_0A2H,READ_ADDR_0A2H_GOTO
 467  0024                              READ_PROC IIC_DATA_INDEX,READ_ADDR_0A1H,READ_ADDR_0A1H_GOTO
 468  0024                              READ_PROC IIC_DATA_INDEX,READ_ADDR_0A0H,READ_ADDR_0A0H_GOTO
 469  0024                              READ_PROC IIC_DATA_INDEX,READ_ADDR_09FH,READ_ADDR_09FH_GOTO
 470  0024                              READ_PROC IIC_DATA_INDEX,READ_ADDR_09EH,READ_ADDR_09EH_GOTO
 471  0024                              READ_PROC IIC_DATA_INDEX,READ_ADDR_09DH,READ_ADDR_09DH_GOTO
 472  0024                              READ_PROC IIC_DATA_INDEX,READ_ADDR_09CH,READ_ADDR_09CH_GOTO
 473  0024                              READ_PROC IIC_DATA_INDEX,READ_ADDR_09BH,READ_ADDR_09BH_GOTO
 474  0024                              READ_PROC IIC_DATA_INDEX,READ_ADDR_09AH,READ_ADDR_09AH_GOTO
 475  0024                              READ_PROC IIC_DATA_INDEX,READ_ADDR_099H,READ_ADDR_099H_GOTO
 476  0024                              READ_PROC IIC_DATA_INDEX,READ_ADDR_098H,READ_ADDR_098H_GOTO
 477  0024                              READ_PROC IIC_DATA_INDEX,READ_ADDR_097H,READ_ADDR_097H_GOTO
 478  0024                              READ_PROC IIC_DATA_INDEX,READ_ADDR_096H,READ_ADDR_096H_GOTO
 479  0024                              READ_PROC IIC_DATA_INDEX,READ_ADDR_095H,READ_ADDR_095H_GOTO
 480  0024                              READ_PROC IIC_DATA_INDEX,READ_ADDR_094H,READ_ADDR_094H_GOTO
 481  0024                              READ_PROC IIC_DATA_INDEX,READ_ADDR_093H,READ_ADDR_093H_GOTO
 482  0024                              READ_PROC IIC_DATA_INDEX,READ_ADDR_092H,READ_ADDR_092H_GOTO
 483  0024                              READ_PROC IIC_DATA_INDEX,READ_ADDR_091H,READ_ADDR_091H_GOTO
 484  0024                              READ_PROC IIC_DATA_INDEX,READ_ADDR_090H,READ_ADDR_090H_GOTO
 485  0028                              READ_PROC IIC_DATA_INDEX,READ_ADDR_08FH,READ_ADDR_08FH_GOTO
 486  0028                              READ_PROC IIC_DATA_INDEX,READ_ADDR_08EH,READ_ADDR_08EH_GOTO
 487  0028                              READ_PROC IIC_DATA_INDEX,READ_ADDR_08DH,READ_ADDR_08DH_GOTO
 488  0028                              READ_PROC IIC_DATA_INDEX,READ_ADDR_08CH,READ_ADDR_08CH_GOTO
 489  0028                              READ_PROC IIC_DATA_INDEX,READ_ADDR_08BH,READ_ADDR_08BH_GOTO
 490  0028                              READ_PROC IIC_DATA_INDEX,READ_ADDR_08AH,READ_ADDR_08AH_GOTO
 491  0028                              READ_PROC IIC_DATA_INDEX,READ_ADDR_089H,READ_ADDR_089H_GOTO
 492  0028                              READ_PROC IIC_DATA_INDEX,READ_ADDR_088H,READ_ADDR_088H_GOTO
 493  0028                              READ_PROC IIC_DATA_INDEX,READ_ADDR_087H,READ_ADDR_087H_GOTO
 494  0028                              READ_PROC IIC_DATA_INDEX,READ_ADDR_086H,READ_ADDR_086H_GOTO
 495  0028                              READ_PROC IIC_DATA_INDEX,READ_ADDR_085H,READ_ADDR_085H_GOTO
 496  0028                              READ_PROC IIC_DATA_INDEX,READ_ADDR_084H,READ_ADDR_084H_GOTO
 497  0028                              READ_PROC IIC_DATA_INDEX,READ_ADDR_083H,READ_ADDR_083H_GOTO
 498  0028                              READ_PROC IIC_DATA_INDEX,READ_ADDR_082H,READ_ADDR_082H_GOTO
 499  0028                              READ_PROC IIC_DATA_INDEX,READ_ADDR_081H,READ_ADDR_081H_GOTO
 500  0028                              READ_PROC IIC_DATA_INDEX,READ_ADDR_080H,READ_ADDR_080H_GOTO
 501  0028                              READ_PROC IIC_DATA_INDEX,READ_ADDR_07FH,READ_ADDR_07FH_GOTO
 502  0028                              READ_PROC IIC_DATA_INDEX,READ_ADDR_07EH,READ_ADDR_07EH_GOTO
 503  0028                              READ_PROC IIC_DATA_INDEX,READ_ADDR_07DH,READ_ADDR_07DH_GOTO
 504  0028                              READ_PROC IIC_DATA_INDEX,READ_ADDR_07CH,READ_ADDR_07CH_GOTO
 505  0028                              READ_PROC IIC_DATA_INDEX,READ_ADDR_07BH,READ_ADDR_07BH_GOTO
 506  0028                              READ_PROC IIC_DATA_INDEX,READ_ADDR_07AH,READ_ADDR_07AH_GOTO
 507  0028                              READ_PROC IIC_DATA_INDEX,READ_ADDR_079H,READ_ADDR_079H_GOTO
 508  0028                              READ_PROC IIC_DATA_INDEX,READ_ADDR_078H,READ_ADDR_078H_GOTO
 509  0028                              READ_PROC IIC_DATA_INDEX,READ_ADDR_077H,READ_ADDR_077H_GOTO
 510  0028                              READ_PROC IIC_DATA_INDEX,READ_ADDR_076H,READ_ADDR_076H_GOTO
 511  0028                              READ_PROC IIC_DATA_INDEX,READ_ADDR_075H,READ_ADDR_075H_GOTO
 512  0028                              READ_PROC IIC_DATA_INDEX,READ_ADDR_074H,READ_ADDR_074H_GOTO
 513  0028                              READ_PROC IIC_DATA_INDEX,READ_ADDR_073H,READ_ADDR_073H_GOTO
"File: IIC_SLAVE_V100.asm  Assembler  Version 2.98      Page 10

 514  0028                              READ_PROC IIC_DATA_INDEX,READ_ADDR_072H,READ_ADDR_072H_GOTO
 515  0028                              READ_PROC IIC_DATA_INDEX,READ_ADDR_071H,READ_ADDR_071H_GOTO
 516  0028                              READ_PROC IIC_DATA_INDEX,READ_ADDR_070H,READ_ADDR_070H_GOTO
 517  0028                              READ_PROC IIC_DATA_INDEX,READ_ADDR_06FH,READ_ADDR_06FH_GOTO
 518  0028                              READ_PROC IIC_DATA_INDEX,READ_ADDR_06EH,READ_ADDR_06EH_GOTO
 519  0028                              READ_PROC IIC_DATA_INDEX,READ_ADDR_06DH,READ_ADDR_06DH_GOTO
 520  0028                              READ_PROC IIC_DATA_INDEX,READ_ADDR_06CH,READ_ADDR_06CH_GOTO
 521  0028                              READ_PROC IIC_DATA_INDEX,READ_ADDR_06BH,READ_ADDR_06BH_GOTO
 522  0028                              READ_PROC IIC_DATA_INDEX,READ_ADDR_06AH,READ_ADDR_06AH_GOTO
 523  0028                              READ_PROC IIC_DATA_INDEX,READ_ADDR_069H,READ_ADDR_069H_GOTO
 524  0028                              READ_PROC IIC_DATA_INDEX,READ_ADDR_068H,READ_ADDR_068H_GOTO
 525  0028                              READ_PROC IIC_DATA_INDEX,READ_ADDR_067H,READ_ADDR_067H_GOTO
 526  0028                              READ_PROC IIC_DATA_INDEX,READ_ADDR_066H,READ_ADDR_066H_GOTO
 527  0028                              READ_PROC IIC_DATA_INDEX,READ_ADDR_065H,READ_ADDR_065H_GOTO
 528  0028                              READ_PROC IIC_DATA_INDEX,READ_ADDR_064H,READ_ADDR_064H_GOTO
 529  0028                              READ_PROC IIC_DATA_INDEX,READ_ADDR_063H,READ_ADDR_063H_GOTO
 530  0028                              READ_PROC IIC_DATA_INDEX,READ_ADDR_062H,READ_ADDR_062H_GOTO
 531  0028                              READ_PROC IIC_DATA_INDEX,READ_ADDR_061H,READ_ADDR_061H_GOTO
 532  0028                              READ_PROC IIC_DATA_INDEX,READ_ADDR_060H,READ_ADDR_060H_GOTO
 533  0028                              READ_PROC IIC_DATA_INDEX,READ_ADDR_05FH,READ_ADDR_05FH_GOTO
 534  0028                              READ_PROC IIC_DATA_INDEX,READ_ADDR_05EH,READ_ADDR_05EH_GOTO
 535  0028                              READ_PROC IIC_DATA_INDEX,READ_ADDR_05DH,READ_ADDR_05DH_GOTO
 536  0028                              READ_PROC IIC_DATA_INDEX,READ_ADDR_05CH,READ_ADDR_05CH_GOTO
 537  0028                              READ_PROC IIC_DATA_INDEX,READ_ADDR_05BH,READ_ADDR_05BH_GOTO
 538  0028                              READ_PROC IIC_DATA_INDEX,READ_ADDR_05AH,READ_ADDR_05AH_GOTO
 539  0028                              READ_PROC IIC_DATA_INDEX,READ_ADDR_059H,READ_ADDR_059H_GOTO
 540  0028                              READ_PROC IIC_DATA_INDEX,READ_ADDR_058H,READ_ADDR_058H_GOTO
 541  0028                              READ_PROC IIC_DATA_INDEX,READ_ADDR_057H,READ_ADDR_057H_GOTO
 542  0028                              READ_PROC IIC_DATA_INDEX,READ_ADDR_056H,READ_ADDR_056H_GOTO
 543  0028                              READ_PROC IIC_DATA_INDEX,READ_ADDR_055H,READ_ADDR_055H_GOTO
 544  0028                              READ_PROC IIC_DATA_INDEX,READ_ADDR_054H,READ_ADDR_054H_GOTO
 545  0028                              READ_PROC IIC_DATA_INDEX,READ_ADDR_053H,READ_ADDR_053H_GOTO
 546  0028                              READ_PROC IIC_DATA_INDEX,READ_ADDR_052H,READ_ADDR_052H_GOTO
 547  0028                              READ_PROC IIC_DATA_INDEX,READ_ADDR_051H,READ_ADDR_051H_GOTO
 548  0028                              READ_PROC IIC_DATA_INDEX,READ_ADDR_050H,READ_ADDR_050H_GOTO
 549  002C                              READ_PROC IIC_DATA_INDEX,READ_ADDR_04FH,READ_ADDR_04FH_GOTO
 550  002C                              READ_PROC IIC_DATA_INDEX,READ_ADDR_04EH,READ_ADDR_04EH_GOTO
 551  002C                              READ_PROC IIC_DATA_INDEX,READ_ADDR_04DH,READ_ADDR_04DH_GOTO
 552  002C                              READ_PROC IIC_DATA_INDEX,READ_ADDR_04CH,READ_ADDR_04CH_GOTO
 553  002C                              READ_PROC IIC_DATA_INDEX,READ_ADDR_04BH,READ_ADDR_04BH_GOTO
 554  002C                              READ_PROC IIC_DATA_INDEX,READ_ADDR_04AH,READ_ADDR_04AH_GOTO
 555  002C                              READ_PROC IIC_DATA_INDEX,READ_ADDR_049H,READ_ADDR_049H_GOTO
 556  002C                              READ_PROC IIC_DATA_INDEX,READ_ADDR_048H,READ_ADDR_048H_GOTO
 557  002C                              READ_PROC IIC_DATA_INDEX,READ_ADDR_047H,READ_ADDR_047H_GOTO
 558  002C                              READ_PROC IIC_DATA_INDEX,READ_ADDR_046H,READ_ADDR_046H_GOTO
 559  002C                              READ_PROC IIC_DATA_INDEX,READ_ADDR_045H,READ_ADDR_045H_GOTO
 560  002C                              READ_PROC IIC_DATA_INDEX,READ_ADDR_044H,READ_ADDR_044H_GOTO
 561  002C                              READ_PROC IIC_DATA_INDEX,READ_ADDR_043H,READ_ADDR_043H_GOTO
 562  002C                              READ_PROC IIC_DATA_INDEX,READ_ADDR_042H,READ_ADDR_042H_GOTO
 563  002C                              READ_PROC IIC_DATA_INDEX,READ_ADDR_041H,READ_ADDR_041H_GOTO
 564  002C                              READ_PROC IIC_DATA_INDEX,READ_ADDR_040H,READ_ADDR_040H_GOTO
 565  002C                              READ_PROC IIC_DATA_INDEX,READ_ADDR_03FH,READ_ADDR_03FH_GOTO
 566  002C                              READ_PROC IIC_DATA_INDEX,READ_ADDR_03EH,READ_ADDR_03EH_GOTO
 567  002C                              READ_PROC IIC_DATA_INDEX,READ_ADDR_03DH,READ_ADDR_03DH_GOTO
 568  002C                              READ_PROC IIC_DATA_INDEX,READ_ADDR_03CH,READ_ADDR_03CH_GOTO
 569  002C                              READ_PROC IIC_DATA_INDEX,READ_ADDR_03BH,READ_ADDR_03BH_GOTO
 570  002C                              READ_PROC IIC_DATA_INDEX,READ_ADDR_03AH,READ_ADDR_03AH_GOTO
 571  002C                              READ_PROC IIC_DATA_INDEX,READ_ADDR_039H,READ_ADDR_039H_GOTO
 572  002C                              READ_PROC IIC_DATA_INDEX,READ_ADDR_038H,READ_ADDR_038H_GOTO
 573  002C                              READ_PROC IIC_DATA_INDEX,READ_ADDR_037H,READ_ADDR_037H_GOTO
"File: IIC_SLAVE_V100.asm  Assembler  Version 2.98      Page 11

 574  002C                              READ_PROC IIC_DATA_INDEX,READ_ADDR_036H,READ_ADDR_036H_GOTO
 575  002C                              READ_PROC IIC_DATA_INDEX,READ_ADDR_035H,READ_ADDR_035H_GOTO
 576  002C                              READ_PROC IIC_DATA_INDEX,READ_ADDR_034H,READ_ADDR_034H_GOTO
 577  002C                              READ_PROC IIC_DATA_INDEX,READ_ADDR_033H,READ_ADDR_033H_GOTO
 578  002C                              READ_PROC IIC_DATA_INDEX,READ_ADDR_032H,READ_ADDR_032H_GOTO
 579  002C                              READ_PROC IIC_DATA_INDEX,READ_ADDR_031H,READ_ADDR_031H_GOTO
 580  002C                              READ_PROC IIC_DATA_INDEX,READ_ADDR_030H,READ_ADDR_030H_GOTO
 581  002C                              READ_PROC IIC_DATA_INDEX,READ_ADDR_02FH,READ_ADDR_02FH_GOTO
 582  002C                              READ_PROC IIC_DATA_INDEX,READ_ADDR_02EH,READ_ADDR_02EH_GOTO
 583  002C                              READ_PROC IIC_DATA_INDEX,READ_ADDR_02DH,READ_ADDR_02DH_GOTO
 584  002C                              READ_PROC IIC_DATA_INDEX,READ_ADDR_02CH,READ_ADDR_02CH_GOTO
 585  002C                              READ_PROC IIC_DATA_INDEX,READ_ADDR_02BH,READ_ADDR_02BH_GOTO
 586  002C                              READ_PROC IIC_DATA_INDEX,READ_ADDR_02AH,READ_ADDR_02AH_GOTO
 587  002C                              READ_PROC IIC_DATA_INDEX,READ_ADDR_029H,READ_ADDR_029H_GOTO
 588  002C                              READ_PROC IIC_DATA_INDEX,READ_ADDR_028H,READ_ADDR_028H_GOTO
 589  002C                              READ_PROC IIC_DATA_INDEX,READ_ADDR_027H,READ_ADDR_027H_GOTO
 590  002C                              READ_PROC IIC_DATA_INDEX,READ_ADDR_026H,READ_ADDR_026H_GOTO
 591  002C                              READ_PROC IIC_DATA_INDEX,READ_ADDR_025H,READ_ADDR_025H_GOTO
 592  002C                              READ_PROC IIC_DATA_INDEX,READ_ADDR_024H,READ_ADDR_024H_GOTO
 593  002C                              READ_PROC IIC_DATA_INDEX,READ_ADDR_023H,READ_ADDR_023H_GOTO
 594  002C                              READ_PROC IIC_DATA_INDEX,READ_ADDR_022H,READ_ADDR_022H_GOTO
 595  002C                              READ_PROC IIC_DATA_INDEX,READ_ADDR_021H,READ_ADDR_021H_GOTO
 596  002C                              READ_PROC IIC_DATA_INDEX,READ_ADDR_020H,READ_ADDR_020H_GOTO
 597  002C                              READ_PROC IIC_DATA_INDEX,READ_ADDR_01FH,READ_ADDR_01FH_GOTO
 598  002C                              READ_PROC IIC_DATA_INDEX,READ_ADDR_01EH,READ_ADDR_01EH_GOTO
 599  002C                              READ_PROC IIC_DATA_INDEX,READ_ADDR_01DH,READ_ADDR_01DH_GOTO
 600  002C                              READ_PROC IIC_DATA_INDEX,READ_ADDR_01CH,READ_ADDR_01CH_GOTO
 601  002C                              READ_PROC IIC_DATA_INDEX,READ_ADDR_01BH,READ_ADDR_01BH_GOTO
 602  002C                              READ_PROC IIC_DATA_INDEX,READ_ADDR_01AH,READ_ADDR_01AH_GOTO
 603  002C                              READ_PROC IIC_DATA_INDEX,READ_ADDR_019H,READ_ADDR_019H_GOTO
 604  002C                              READ_PROC IIC_DATA_INDEX,READ_ADDR_018H,READ_ADDR_018H_GOTO
 605  002C                              READ_PROC IIC_DATA_INDEX,READ_ADDR_017H,READ_ADDR_017H_GOTO
 606  002C                              READ_PROC IIC_DATA_INDEX,READ_ADDR_016H,READ_ADDR_016H_GOTO
 607  002C                              READ_PROC IIC_DATA_INDEX,READ_ADDR_015H,READ_ADDR_015H_GOTO
 608  002C                              READ_PROC IIC_DATA_INDEX,READ_ADDR_014H,READ_ADDR_014H_GOTO
 609  002C                              READ_PROC IIC_DATA_INDEX,READ_ADDR_013H,READ_ADDR_013H_GOTO
 610  002C                              READ_PROC IIC_DATA_INDEX,READ_ADDR_012H,READ_ADDR_012H_GOTO
 611  002C                              READ_PROC IIC_DATA_INDEX,READ_ADDR_011H,READ_ADDR_011H_GOTO
 612  002C                              READ_PROC IIC_DATA_INDEX,READ_ADDR_010H,READ_ADDR_010H_GOTO
 613  0030                              READ_PROC IIC_DATA_INDEX,READ_ADDR_00FH,READ_ADDR_00FH_GOTO
 614  0030                              READ_PROC IIC_DATA_INDEX,READ_ADDR_00EH,READ_ADDR_00EH_GOTO
 615  0030                              READ_PROC IIC_DATA_INDEX,READ_ADDR_00DH,READ_ADDR_00DH_GOTO
 616  0030                              READ_PROC IIC_DATA_INDEX,READ_ADDR_00CH,READ_ADDR_00CH_GOTO
 617  0030                              READ_PROC IIC_DATA_INDEX,READ_ADDR_00BH,READ_ADDR_00BH_GOTO
 618  0030                              READ_PROC IIC_DATA_INDEX,READ_ADDR_00AH,READ_ADDR_00AH_GOTO
 619  0030                              READ_PROC IIC_DATA_INDEX,READ_ADDR_009H,READ_ADDR_009H_GOTO
 620  0030                              READ_PROC IIC_DATA_INDEX,READ_ADDR_008H,READ_ADDR_008H_GOTO
 621  0034                              READ_PROC IIC_DATA_INDEX,READ_ADDR_007H,READ_ADDR_007H_GOTO
 622  0034                              READ_PROC IIC_DATA_INDEX,READ_ADDR_006H,READ_ADDR_006H_GOTO
 623  0034                              READ_PROC IIC_DATA_INDEX,READ_ADDR_005H,READ_ADDR_005H_GOTO
 624  0034                              READ_PROC IIC_DATA_INDEX,READ_ADDR_004H,READ_ADDR_004H_GOTO
 625  0038                              READ_PROC IIC_DATA_INDEX,READ_ADDR_003H,READ_ADDR_003H_GOTO
 626  003C                              READ_PROC IIC_DATA_INDEX,READ_ADDR_002H,READ_ADDR_002H_GOTO
 627  0040                              READ_PROC IIC_DATA_INDEX,READ_ADDR_001H,READ_ADDR_001H_GOTO
 628  0044                              READ_PROC IIC_DATA_INDEX,READ_ADDR_000H,READ_ADDR_000H_GOTO
 629  0048              
 630  0048              
 631  0048                              ifdef   READ_ADDR_000H
 632  0048                              RW_ADDR_000H:
 633  0048                                      ifdef READ_ADDR_00H_GOTO
"File: IIC_SLAVE_V100.asm  Assembler  Version 2.98      Page 12

 634  0048                                              SZ      IIC_DATA_INDEX
 635  0048                                              JMP     END_IIC_RW
 636  0048                                              JMP     READ_ADDR_00H
 637  0048                                      endif
 638  0048                              END_RW_ADDR_000H:
 639  0048                              endif
 640  0048              
 641  0048                              ;--------------------------------------------------
 642  0048                              TX_00H:
 643  0048  1F00     R                          CLR     IIC_DATA_OUT
 644  0049  2800     R                          JMP     END_IIC_RW
 645  004A                              ;-IIC PRE-LOAD DATA
 646  004A                              TX_IAR1:
 647  004A  0084                                MOV     BP,A
 648  004B  0702                                MOV     A,IAR1
 649  004C                              TX_ACC:
 650  004C  0080     R                          MOV     IIC_DATA_OUT,A
 651  004D                              ;--------------------------------------------------
 652  004D              ;================================================================
 653  004D              END_IIC_RW:
 654  004D  0700     R                  MOV     A,IIC_STACK[1]
 655  004E  0084                        MOV     BP,A
 656  004F  0700     R                  MOV     A,IIC_STACK[0]
 657  0050  0083                        MOV     MP1,A
 658  0051  2800     R                  JMP     _ENDIIC
 659  0052              IIC_PRE_READ ENDP
 660  0052              ;*******************************************************************
 661  0052              
 662  0052              
 663  0052              
 664  0052              ;*************************************************************************************************************************************************
 665  0052              ;*************************************************************************************************************************************************
 666  0052              ;*************************************************************************************************************************************************
 667  0052              ;*************************************************************************************************************************************************
 668  0052              ;*************************************************************************************************************************************************
 669  0052              ;*************************************************************************************************************************************************
 670  0052              ;*************************************************************************************************************************************************
 671  0052              ;*************************************************************************************************************************************************
 672  0052              RAMBANK 0 IIC_SLAVE_STANDARD_RAM
 673  0000              IIC_SLAVE_STANDARD_RAM       .SECTION  'DATA'
 674  0000              ifdef   PBP
 675  0000              IIC_INT_STACK       DB 3 DUP(?)
 676  0000              else
 677  0000  0002[       IIC_INT_STACK       DB 2 DUP(?)
            00
            ]
 678  0002              endif
 679  0002  00          bWrite1st       DBIT
 680  0003  00          IIC_DATA_OUT    DB      ?
 681  0004  00          IIC_DATA_IN     DB      ?
 682  0005  00          IIC_DATA_INDEX  DB      ?
 683  0006              ;=====================================================================
 684  0006              
 685  0006              
 686  0006              ;*********************************************************************
 687  0006              ifdef   PBP
 688  0006              ROMBANK 0 IIC_INT_CODE
 689  0006              endif
 690  0000              IIC_INT_CODE   .SECTION  AT IIC_INT_ADDR 'CODE'
 691  0000  0080     R                  MOV     IIC_INT_STACK[0],A
"File: IIC_SLAVE_V100.asm  Assembler  Version 2.98      Page 13

 692  0001                      ifdef   PBP
 693  0001                              MOV     A,PBP
 694  0001                              CLR     PBP
 695  0001                      endif
 696  0001  2800     R                  JMP     IIC_INT
 697  0002              
 698  0000              IIC_SLAVE_STANDARD_CODE    .SECTION  'CODE'
 699  0000              IIC_INITIAL PROC
 700  0000              ;JMP    IIC_WRITE_ENTRY
 701  0000              ;jmp    IIC_PRE_READ
 702  0000              
 703  0000  3016                IIC_SDA_PU
 704  0001  3116                IIC_SCL_PU
 705  0002               IIC_SDA_ON_PA0
Error(A0024) C:\Users\Huy Le\Documents\VSHOME\SONHA\SH_IHW_1051\BS84B08C_SH1051_remake\IIC_SLAVE\IIC_SLAVE_V100.asm 705 : Syntax error
 706  0003               IIC_SCL_ON_PA2
Error(A0024) C:\Users\Huy Le\Documents\VSHOME\SONHA\SH_IHW_1051\BS84B08C_SH1051_remake\IIC_SLAVE\IIC_SLAVE_V100.asm 706 : Syntax error
 707  0004  300E        	SET	EMI
 708  0005                      ;--
 709  0005  0FC2                MOV     A,11000010B ;IIC Mode ,Enable SIM
 710  0006  00A4                MOV     IIC_INT_CTRL,A
 711  0007              
 712  0007  0FA0                MOV     A,IIC_ADDRESS
 713  0008  00A7                MOV     IIC_ADDR,A
 714  0009              
 715  0009  3625                CLR     HTX
 716  000A  35A5                CLR     TXAK
 717  000B  0000                SET     IIC_ADDR_MATCH_WAKEUP
Error(A0024) C:\Users\Huy Le\Documents\VSHOME\SONHA\SH_IHW_1051\BS84B08C_SH1051_remake\IIC_SLAVE\IIC_SLAVE_V100.asm 717 : Syntax error
 718  000C                      ;--
 719  000C  360F                CLR     IIC_INT_FLG        ;Clear SIM interrupt request flag
 720  000D              
 721  000D  0FBF                MOV     A,10111111B ;Enable IIC Time-out Countrol
 722  000E  0000                MOV     IIC_TimeOutCtrl,A              ;IIC time-out time is 64*32/32K = 62.5mSec
Error(A0024) C:\Users\Huy Le\Documents\VSHOME\SONHA\SH_IHW_1051\BS84B08C_SH1051_remake\IIC_SLAVE\IIC_SLAVE_V100.asm 722 : Syntax error
 723  000F              
 724  000F  300F                SET     IIC_INT_ENABLE
 725  0010              
 726  0010  0003                RET
 727  0011              IIC_INITIAL ENDP
 728  0011              
 729  0011              ;*******************************************************************
 730  0011              _IIC_SLAVE:
 731  0011  0000                SZ      IIC_TimeOut
Error(A0024) C:\Users\Huy Le\Documents\VSHOME\SONHA\SH_IHW_1051\BS84B08C_SH1051_remake\IIC_SLAVE\IIC_SLAVE_V100.asm 731 : Syntax error
 732  0012  2000     R          CALL    IIC_INITIAL
 733  0013              
 734  0013              ifdef   IIC_SLAVE_STANDARD_FUNCTION
 735  0013  2800     R          JMP     IIC_SLAVE_STANDARD_FUNCTION
 736  0014              else
 737  0014                      RET
 738  0014              endif
 739  0014              ;*******************************************************************
 740  0014              
 741  0014              ;*******************************************************************
 742  0014              _IIC_SLAVE_INITIAL:
 743  0014  2000     R          CALL    IIC_INITIAL
 744  0015              ifdef   IIC_SLAVE_STANDARD_INITIAL
 745  0015  2800     R          JMP     IIC_SLAVE_STANDARD_INITIAL
 746  0016              else
"File: IIC_SLAVE_V100.asm  Assembler  Version 2.98      Page 14

 747  0016                      RET
 748  0016              endif
 749  0016              
 750  0016              ;*******************************************************************
 751  0016              ;*********************************************************************
 752  0016              ;;***********************************************************
 753  0016              ;;*SUB. NAME:                                               *
 754  0016              ;;*INPUT    :                                               *
 755  0016              ;;*OUTPUT   :                                               *
 756  0016              ;;*USED REG.:                                               *
 757  0016              ;;*FUNCTION :                                               *
 758  0016              ;;***********************************************************
 759  0016                              ;;*******************
 760  0016              IIC_INT:        ;;* IIC INT. ********
 761  0016                              ;;*******************
 762  0016                      ifdef  PBP
 763  0016                              MOV     IIC_INT_STACK[2],A
 764  0016                      endif
 765  0016  070A                        MOV     A,STATUS
 766  0017  0080     R                  MOV     IIC_INT_STACK[1],A
 767  0018                      ifdef   IIC_IS_MF_INT
 768  0018                              SNZ     IIC_INT_FLG
 769  0018                              JMP     _ENDIIC
 770  0018                              CLR     IIC_INT_FLG
 771  0018                      endif
 772  0018                      ifdef   IIC_INT_EXECUTE
 773  0018  2800     R                  JMP	IIC_INT_EXECUTE
 774  0019                      IIC_INT_EXECUTE_END:
 775  0019              	endif
 776  0019                              ;-CHECK IF ADDRESS MATCH
 777  0019                              IF_AddrNotMatch_GOTO    IIC_CONTINUE_RW
 778  001B                              IF_WriteData_GOTO   FIRST_WRITE
 779  001D                              ;-FIRST READ (PREPARE DATA) SRW=1
 780  001D                              Slave_Tx_Mode
 781  001E  2800     R                  JMP     IIC_CONTINUE_READ
 782  001F                  IIC_CONTINUE_RW:
 783  001F                              IF_Master_Read_GOTO IIC_MASTER_READ
 784  0021                              ;-HTX=0 MASTER WRITE
 785  0021  0726                        MOV     A,IIC_DATA
 786  0022  0080     R                  MOV     IIC_DATA_IN,A
 787  0023  3C00     R                  SZ      bWrite1st
 788  0024  2800     R                  JMP     IIC_WRITE_ENTRY
 789  0025                              ;JMP     _ENDIIC
 790  0025  0080     R                  MOV     IIC_DATA_INDEX,A    ;-GET 1ST BYTE (ADDRESS)
 791  0026  3000     R                  SET     bWrite1st
 792  0027  2800     R                  JMP     IIC_PRE_READ    ;PR-READ DATA
 793  0028                  FIRST_WRITE:;SRW=0
 794  0028  3400     R                  CLR     bWrite1st
 795  0029  2800     R                  JMP     SIM_RECEIVE_MODE
 796  002A                  IIC_MASTER_READ:
 797  002A                              IF_ACK_GOTO IIC_CONTINUE_READ
 798  002C                              ;NACK
 799  002C                  SIM_RECEIVE_MODE:
 800  002C                              Slave_Rx_Mode       ;receive mode (master write)
 801  002D                              SLAVE_SEND_ACK      ;enable transmits acknowledge
 802  002E                              DUMMY_READ
 803  002F                  _ENDIIC:
 804  002F                      ifdef   PBP
 805  002F                              MOV     A,IIC_INT_STACK[2]
 806  002F                              MOV     PBP,A
"File: IIC_SLAVE_V100.asm  Assembler  Version 2.98      Page 15

 807  002F                      endif
 808  002F  0700     R                  MOV     A,IIC_INT_STACK[1]
 809  0030  008A                        MOV     STATUS,A
 810  0031  0700     R                  MOV     A,IIC_INT_STACK[0]
 811  0032  0004                        RETI
 812  0033              ;*******************************************************************
 813  0033              IIC_CONTINUE_READ:
 814  0033  0700     R          MOV     A,IIC_DATA_OUT
 815  0034  00A6                MOV     IIC_DATA,A
 816  0035  1480     R          INC     IIC_DATA_INDEX
 817  0036  2800     R          JMP     IIC_PRE_READ
 818  0037              ;*******************************************************************
 819  0037              message '- - - - - - - - - - - - - - - - - - - - - - - - - - - - - - - - - - - - - - - - - - - - - - - - - - '
 820  0037              ;;;;;*/


        9 Errors, 0 Warnings