C51 COMPILER V9.60.7.0   USER_I2C                                                          01/30/2024 09:22:12 PAGE 1   


C51 COMPILER V9.60.7.0, COMPILATION OF MODULE USER_I2C
OBJECT MODULE PLACED IN .\Output\user_i2c.obj
COMPILER INVOKED BY: C:\Keil_v5\C51\BIN\C51.EXE ..\user_library\src\user_i2c.c LARGE OMF2 OPTIMIZE(7,SPEED) BROWSE INCDI
                    -R(..\Library\Device\Include;..\Library\StdDriver\inc;..\user_library\inc) DEBUG PRINT(.\lst\user_i2c.lst) TABS(2) OBJECT
                    -(.\Output\user_i2c.obj)

line level    source

   1          #include "user_i2c.h"
   2          #include "ms51_16k.h"
   3          
   4          #define SCL_PIN   P13
   5          #define SDA_PIN   P14
   6          
   7          #define SCL_MCR   3
   8          #define SDA_MCR   4
   9          
  10          
  11          void user_i2c_scl_set_output(void)
  12          {
  13   1      //  user_gpio_output_init(SCL_GPIO, SCL_PIN);
  14   1        P1M1 &= ~(1 << SCL_MCR);
  15   1        P1M2 |= (1 << SCL_MCR);  // 0b0001 0000  = 0x10
  16   1      }
  17          void user_i2c_scl_output_high(void)
  18          {
  19   1        SCL_PIN = 1;
  20   1      }
  21          
  22          void user_i2c_scl_output_low(void)
  23          {
  24   1        SCL_PIN = 0;
  25   1      }
  26          
  27          void user_i2c_scl_tonggle(void)
  28          {
  29   1        SCL_PIN = !SCL_PIN;
  30   1      }
  31          
  32          
  33          void user_i2c_sda_set_output(void)
  34          {
  35   1        P1M1 &= ~(1 << SDA_MCR);
  36   1        P1M2 |= (1 << SDA_MCR);  // 0b0001 0000  = 0x10
  37   1      }
  38          
  39          void user_i2c_sda_output_high(void)
  40          {
  41   1        SDA_PIN = 1;
  42   1      }
  43          
  44          void user_i2c_sda_output_low(void)
  45          {
  46   1        SDA_PIN = 0;
  47   1      }
  48          
  49          void user_i2c_sda_set_input(void)
  50          {
  51   1        P1M1 |= (1 << SDA_MCR);  // 0b0001 0000  = 0x10
  52   1        P1M2 &= ~(1 << SDA_MCR);
  53   1      }
C51 COMPILER V9.60.7.0   USER_I2C                                                          01/30/2024 09:22:12 PAGE 2   

  54          
  55          bit user_i2c_sda_get_data(void)
  56          {
  57   1        bit temp;
  58   1      
  59   1      //  temp = user_gpio_input_read(SDA_GPIO, SDA_PIN);
  60   1        temp = SDA_PIN;
  61   1      
  62   1        return temp;
  63   1      }
  64          
  65          


MODULE INFORMATION:   STATIC OVERLAYABLE
   CODE SIZE        =     43    ----
   CONSTANT SIZE    =   ----    ----
   XDATA SIZE       =   ----    ----
   PDATA SIZE       =   ----    ----
   DATA SIZE        =   ----    ----
   IDATA SIZE       =   ----    ----
   BIT SIZE         =   ----       1
   EDATA SIZE       =   ----    ----
   HDATA SIZE       =   ----    ----
   XDATA CONST SIZE =   ----    ----
   FAR CONST SIZE   =   ----    ----
END OF MODULE INFORMATION.


C51 COMPILATION COMPLETE.  0 WARNING(S),  0 ERROR(S)
